Archive member included to satisfy reference by file (symbol)

/opt/riscv/lib/gcc/riscv32-unknown-elf/12.1.0/libgcc.a(muldi3.o)
                              counter_la.elf-matmul.o (__mulsi3)

Memory Configuration

Name             Origin             Length             Attributes
vexriscv_debug   0x00000000f00f0000 0x0000000000000100
dff              0x0000000000000000 0x0000000000000400
dff2             0x0000000000000400 0x0000000000000200
flash            0x0000000010000000 0x0000000001000000
mprj             0x0000000030000000 0x0000000000100000
mprjram          0x0000000038000000 0x0000000000400000
hk               0x0000000026000000 0x0000000000100000
csr              0x00000000f0000000 0x0000000000010000
*default*        0x0000000000000000 0xffffffffffffffff

Linker script and memory map

                0x0000000000000000                __DYNAMIC = 0x0

.text           0x0000000010000000      0x694
                0x0000000010000000                _ftext = .
 *crt0*(.text)
 .text          0x0000000010000000      0x144 counter_la.elf-crt0_vex.o
                0x0000000010000000                _start
                0x0000000010000020                trap_entry
 *crt0*(.text)
 *(.text.isr)
                0x0000000010000144                _etext = .
 .text          0x0000000010000144       0xb4 counter_la.elf-isr.o
                0x00000000100001a4                isr
 .text          0x00000000100001f8        0x0 counter_la.elf-adder.o
 .text          0x00000000100001f8      0x49c counter_la.elf-counter_la.o
                0x0000000010000230                putchar
                0x0000000010000298                print
                0x00000000100002ec                main
 .text          0x0000000010000694        0x0 counter_la.elf-matmul.o

.rodata         0x0000000010000694        0x4
                0x0000000010000698                . = ALIGN (0x8)
 *fill*         0x0000000010000694        0x4 
                0x0000000010000698                _frodata = .
 *(.rodata .rodata.* .gnu.linkonce.r.*)
 *(.rodata1)
                0x0000000010000698                . = ALIGN (0x8)
                0x0000000010000698                _erodata = .

.data           0x0000000000000000       0xa8 load address 0x0000000010000698
                0x0000000000000000                . = ALIGN (0x8)
                0x0000000000000000                _fdata = .
 *(.data .data.* .gnu.linkonce.d.*)
 .data          0x0000000000000000        0x0 counter_la.elf-crt0_vex.o
 .data          0x0000000000000000        0x0 counter_la.elf-isr.o
 .data          0x0000000000000000       0x28 counter_la.elf-adder.o
                0x0000000000000000                Number
 .data          0x0000000000000028        0x0 counter_la.elf-counter_la.o
 .data          0x0000000000000028       0x80 counter_la.elf-matmul.o
                0x0000000000000028                A
                0x0000000000000068                B
 .data          0x00000000000000a8        0x0 /opt/riscv/lib/gcc/riscv32-unknown-elf/12.1.0/libgcc.a(muldi3.o)
 *(.data1)
                0x00000000000000b0                _gp = ALIGN (0x10)
 *(.sdata .sdata.* .gnu.linkonce.s.*)
                0x00000000000000a8                . = ALIGN (0x8)
                0x00000000000000a8                _edata = .

.bss            0x00000000000000a8       0x48 load address 0x0000000010000740
                0x00000000000000a8                . = ALIGN (0x8)
                0x00000000000000a8                _fbss = .
 *(.dynsbss)
 *(.sbss .sbss.* .gnu.linkonce.sb.*)
 .sbss          0x00000000000000a8        0x2 counter_la.elf-isr.o
                0x00000000000000a8                flag
 *(.scommon)
 *(.dynbss)
 *(.bss .bss.* .gnu.linkonce.b.*)
 .bss           0x00000000000000aa        0x0 counter_la.elf-crt0_vex.o
 .bss           0x00000000000000aa        0x0 counter_la.elf-isr.o
 .bss           0x00000000000000aa        0x0 counter_la.elf-adder.o
 .bss           0x00000000000000aa        0x0 counter_la.elf-counter_la.o
 *fill*         0x00000000000000aa        0x2 
 .bss           0x00000000000000ac       0x40 counter_la.elf-matmul.o
                0x00000000000000ac                result
 .bss           0x00000000000000ec        0x0 /opt/riscv/lib/gcc/riscv32-unknown-elf/12.1.0/libgcc.a(muldi3.o)
 *(COMMON)
                0x00000000000000f0                . = ALIGN (0x8)
 *fill*         0x00000000000000ec        0x4 
                0x00000000000000f0                _ebss = .
                0x00000000000000f0                _end = .

.mprjram        0x0000000038000000      0x1a0 load address 0x0000000010000740
                0x0000000038000000                . = ALIGN (0x8)
                0x0000000038000000                _fsram = .
 *libgcc.a:*(.text .text.*)
 .text          0x0000000038000000       0x24 /opt/riscv/lib/gcc/riscv32-unknown-elf/12.1.0/libgcc.a(muldi3.o)
                0x0000000038000000                __mulsi3
 .mprjram       0x0000000038000024       0x64 counter_la.elf-adder.o
                0x0000000038000024                adder
 .mprjram       0x0000000038000088      0x118 counter_la.elf-matmul.o
                0x0000000038000088                matmul
                0x0000000000000600                PROVIDE (_fstack = (ORIGIN (dff2) + LENGTH (dff2)))
                0x0000000010000698                PROVIDE (_fdata_rom = LOADADDR (.data))
                [!provide]                        PROVIDE (_edata_rom = (LOADADDR (.data) + SIZEOF (.data)))
                0x00000000380001a0                PROVIDE (_esram = (ORIGIN (mprjram) + SIZEOF (.mprjram)))
                0x0000000010000740                PROVIDE (_esram_rom = LOADADDR (.mprjram))
LOAD counter_la.elf-crt0_vex.o
LOAD counter_la.elf-isr.o
LOAD counter_la.elf-adder.o
LOAD counter_la.elf-counter_la.o
LOAD counter_la.elf-matmul.o
LOAD /opt/riscv/lib/gcc/riscv32-unknown-elf/12.1.0/libgcc.a
START GROUP
LOAD /opt/riscv/lib/gcc/riscv32-unknown-elf/12.1.0/../../../../riscv32-unknown-elf/lib/libc.a
LOAD /opt/riscv/lib/gcc/riscv32-unknown-elf/12.1.0/../../../../riscv32-unknown-elf/lib/libgloss.a
END GROUP
LOAD /opt/riscv/lib/gcc/riscv32-unknown-elf/12.1.0/libgcc.a
OUTPUT(counter_la.elf elf32-littleriscv)

.rela.dyn       0x00000000380001a0        0x0 load address 0x00000000100008e0
 .rela.text     0x00000000380001a0        0x0 counter_la.elf-crt0_vex.o

.riscv.attributes
                0x0000000000000000       0x20
 .riscv.attributes
                0x0000000000000000       0x1e counter_la.elf-crt0_vex.o
 .riscv.attributes
                0x000000000000001e       0x20 counter_la.elf-isr.o
 .riscv.attributes
                0x000000000000003e       0x1c counter_la.elf-adder.o
 .riscv.attributes
                0x000000000000005a       0x1c counter_la.elf-counter_la.o
 .riscv.attributes
                0x0000000000000076       0x1c counter_la.elf-matmul.o
 .riscv.attributes
                0x0000000000000092       0x1a /opt/riscv/lib/gcc/riscv32-unknown-elf/12.1.0/libgcc.a(muldi3.o)

.comment        0x0000000000000000       0x1b
 .comment       0x0000000000000000       0x1b counter_la.elf-isr.o
                                         0x1c (size before relaxing)
 .comment       0x000000000000001b       0x1c counter_la.elf-adder.o
 .comment       0x000000000000001b       0x1c counter_la.elf-counter_la.o
 .comment       0x000000000000001b       0x1c counter_la.elf-matmul.o

.debug_line     0x0000000000000000      0x9a0
 .debug_line    0x0000000000000000      0x204 counter_la.elf-crt0_vex.o
 .debug_line    0x0000000000000204       0xd1 counter_la.elf-isr.o
 .debug_line    0x00000000000002d5       0xa7 counter_la.elf-adder.o
 .debug_line    0x000000000000037c      0x437 counter_la.elf-counter_la.o
 .debug_line    0x00000000000007b3      0x173 counter_la.elf-matmul.o
 .debug_line    0x0000000000000926       0x7a /opt/riscv/lib/gcc/riscv32-unknown-elf/12.1.0/libgcc.a(muldi3.o)

.debug_line_str
                0x0000000000000000      0x19c
 .debug_line_str
                0x0000000000000000       0x49 counter_la.elf-crt0_vex.o
 .debug_line_str
                0x0000000000000049       0x6b counter_la.elf-isr.o
                                         0xe4 (size before relaxing)
 .debug_line_str
                0x00000000000000b4       0x1f counter_la.elf-adder.o
                                         0x9c (size before relaxing)
 .debug_line_str
                0x00000000000000d3       0x14 counter_la.elf-counter_la.o
                                         0xe7 (size before relaxing)
 .debug_line_str
                0x00000000000000e7       0x21 counter_la.elf-matmul.o
                                         0xa0 (size before relaxing)
 .debug_line_str
                0x0000000000000108       0x94 /opt/riscv/lib/gcc/riscv32-unknown-elf/12.1.0/libgcc.a(muldi3.o)

.debug_info     0x0000000000000000      0x3e1
 .debug_info    0x0000000000000000       0x25 counter_la.elf-crt0_vex.o
 .debug_info    0x0000000000000025       0xed counter_la.elf-isr.o
 .debug_info    0x0000000000000112       0xa0 counter_la.elf-adder.o
 .debug_info    0x00000000000001b2      0x12e counter_la.elf-counter_la.o
 .debug_info    0x00000000000002e0       0xd2 counter_la.elf-matmul.o
 .debug_info    0x00000000000003b2       0x2f /opt/riscv/lib/gcc/riscv32-unknown-elf/12.1.0/libgcc.a(muldi3.o)

.debug_abbrev   0x0000000000000000      0x2f7
 .debug_abbrev  0x0000000000000000       0x14 counter_la.elf-crt0_vex.o
 .debug_abbrev  0x0000000000000014       0xa9 counter_la.elf-isr.o
 .debug_abbrev  0x00000000000000bd       0x92 counter_la.elf-adder.o
 .debug_abbrev  0x000000000000014f       0xd5 counter_la.elf-counter_la.o
 .debug_abbrev  0x0000000000000224       0xb2 counter_la.elf-matmul.o
 .debug_abbrev  0x00000000000002d6       0x21 /opt/riscv/lib/gcc/riscv32-unknown-elf/12.1.0/libgcc.a(muldi3.o)

.debug_aranges  0x0000000000000000       0xc0
 .debug_aranges
                0x0000000000000000       0x20 counter_la.elf-crt0_vex.o
 .debug_aranges
                0x0000000000000020       0x20 counter_la.elf-isr.o
 .debug_aranges
                0x0000000000000040       0x20 counter_la.elf-adder.o
 .debug_aranges
                0x0000000000000060       0x20 counter_la.elf-counter_la.o
 .debug_aranges
                0x0000000000000080       0x20 counter_la.elf-matmul.o
 .debug_aranges
                0x00000000000000a0       0x20 /opt/riscv/lib/gcc/riscv32-unknown-elf/12.1.0/libgcc.a(muldi3.o)

.debug_str      0x0000000000000000      0x222
 .debug_str     0x0000000000000000       0x55 counter_la.elf-crt0_vex.o
 .debug_str     0x0000000000000055       0xec counter_la.elf-isr.o
                                        0x125 (size before relaxing)
 .debug_str     0x0000000000000141       0x1d counter_la.elf-adder.o
                                         0x81 (size before relaxing)
 .debug_str     0x000000000000015e       0x1a counter_la.elf-counter_la.o
                                        0x12b (size before relaxing)
 .debug_str     0x0000000000000178        0xd counter_la.elf-matmul.o
                                         0x78 (size before relaxing)
 .debug_str     0x0000000000000185       0x9d /opt/riscv/lib/gcc/riscv32-unknown-elf/12.1.0/libgcc.a(muldi3.o)
                                         0xa9 (size before relaxing)

.debug_frame    0x0000000000000000      0x1e0
 .debug_frame   0x0000000000000000       0xa4 counter_la.elf-isr.o
 .debug_frame   0x00000000000000a4       0x34 counter_la.elf-adder.o
 .debug_frame   0x00000000000000d8       0xd0 counter_la.elf-counter_la.o
 .debug_frame   0x00000000000001a8       0x38 counter_la.elf-matmul.o

.debug_rnglists
                0x0000000000000000       0x2c
 .debug_rnglists
                0x0000000000000000       0x16 counter_la.elf-adder.o
 .debug_rnglists
                0x0000000000000016       0x16 counter_la.elf-matmul.o
